------------------------------------------------------------
Timing Analyzer Summary
------------------------------------------------------------

Type  : Slow 1100mV 85C Model Setup 'FPGA_CLK1_50'
Slack : -0.643
TNS   : -4.791

Type  : Slow 1100mV 85C Model Setup 'altera_reserved_tck'
Slack : 11.799
TNS   : 0.000

Type  : Slow 1100mV 85C Model Hold 'FPGA_CLK1_50'
Slack : 0.217
TNS   : 0.000

Type  : Slow 1100mV 85C Model Hold 'altera_reserved_tck'
Slack : 0.484
TNS   : 0.000

Type  : Slow 1100mV 85C Model Recovery 'FPGA_CLK1_50'
Slack : 15.982
TNS   : 0.000

Type  : Slow 1100mV 85C Model Recovery 'altera_reserved_tck'
Slack : 30.055
TNS   : 0.000

Type  : Slow 1100mV 85C Model Removal 'FPGA_CLK1_50'
Slack : 0.571
TNS   : 0.000

Type  : Slow 1100mV 85C Model Removal 'altera_reserved_tck'
Slack : 0.722
TNS   : 0.000

Type  : Slow 1100mV 85C Model Minimum Pulse Width 'FPGA_CLK1_50'
Slack : 8.876
TNS   : 0.000

Type  : Slow 1100mV 85C Model Minimum Pulse Width 'altera_reserved_tck'
Slack : 15.830
TNS   : 0.000

Type  : Slow 1100mV 0C Model Setup 'FPGA_CLK1_50'
Slack : -0.636
TNS   : -3.912

Type  : Slow 1100mV 0C Model Setup 'altera_reserved_tck'
Slack : 11.871
TNS   : 0.000

Type  : Slow 1100mV 0C Model Hold 'FPGA_CLK1_50'
Slack : 0.104
TNS   : 0.000

Type  : Slow 1100mV 0C Model Hold 'altera_reserved_tck'
Slack : 0.493
TNS   : 0.000

Type  : Slow 1100mV 0C Model Recovery 'FPGA_CLK1_50'
Slack : 16.224
TNS   : 0.000

Type  : Slow 1100mV 0C Model Recovery 'altera_reserved_tck'
Slack : 30.200
TNS   : 0.000

Type  : Slow 1100mV 0C Model Removal 'FPGA_CLK1_50'
Slack : 0.444
TNS   : 0.000

Type  : Slow 1100mV 0C Model Removal 'altera_reserved_tck'
Slack : 0.653
TNS   : 0.000

Type  : Slow 1100mV 0C Model Minimum Pulse Width 'FPGA_CLK1_50'
Slack : 8.813
TNS   : 0.000

Type  : Slow 1100mV 0C Model Minimum Pulse Width 'altera_reserved_tck'
Slack : 15.835
TNS   : 0.000

Type  : Fast 1100mV 85C Model Setup 'FPGA_CLK1_50'
Slack : 3.723
TNS   : 0.000

Type  : Fast 1100mV 85C Model Setup 'altera_reserved_tck'
Slack : 13.880
TNS   : 0.000

Type  : Fast 1100mV 85C Model Hold 'FPGA_CLK1_50'
Slack : 0.140
TNS   : 0.000

Type  : Fast 1100mV 85C Model Hold 'altera_reserved_tck'
Slack : 0.188
TNS   : 0.000

Type  : Fast 1100mV 85C Model Recovery 'FPGA_CLK1_50'
Slack : 17.126
TNS   : 0.000

Type  : Fast 1100mV 85C Model Recovery 'altera_reserved_tck'
Slack : 31.197
TNS   : 0.000

Type  : Fast 1100mV 85C Model Removal 'altera_reserved_tck'
Slack : 0.336
TNS   : 0.000

Type  : Fast 1100mV 85C Model Removal 'FPGA_CLK1_50'
Slack : 0.376
TNS   : 0.000

Type  : Fast 1100mV 85C Model Minimum Pulse Width 'FPGA_CLK1_50'
Slack : 8.763
TNS   : 0.000

Type  : Fast 1100mV 85C Model Minimum Pulse Width 'altera_reserved_tck'
Slack : 15.814
TNS   : 0.000

Type  : Fast 1100mV 0C Model Setup 'FPGA_CLK1_50'
Slack : 4.113
TNS   : 0.000

Type  : Fast 1100mV 0C Model Setup 'altera_reserved_tck'
Slack : 14.184
TNS   : 0.000

Type  : Fast 1100mV 0C Model Hold 'FPGA_CLK1_50'
Slack : 0.101
TNS   : 0.000

Type  : Fast 1100mV 0C Model Hold 'altera_reserved_tck'
Slack : 0.175
TNS   : 0.000

Type  : Fast 1100mV 0C Model Recovery 'FPGA_CLK1_50'
Slack : 17.494
TNS   : 0.000

Type  : Fast 1100mV 0C Model Recovery 'altera_reserved_tck'
Slack : 31.401
TNS   : 0.000

Type  : Fast 1100mV 0C Model Removal 'FPGA_CLK1_50'
Slack : 0.276
TNS   : 0.000

Type  : Fast 1100mV 0C Model Removal 'altera_reserved_tck'
Slack : 0.288
TNS   : 0.000

Type  : Fast 1100mV 0C Model Minimum Pulse Width 'FPGA_CLK1_50'
Slack : 8.758
TNS   : 0.000

Type  : Fast 1100mV 0C Model Minimum Pulse Width 'altera_reserved_tck'
Slack : 15.828
TNS   : 0.000

------------------------------------------------------------
